// Jest Snapshot v1, https://goo.gl/fbAQLP

exports[`ArtistListItem component ArtistListItem renders correctly 1`] = `
ShallowWrapper {
  "length": 1,
  Symbol(enzyme.__root__): [Circular],
  Symbol(enzyme.__unrendered__): <ArtistListItem
    external_urls="urls"
    genres={
        Array [
            "genre1",
            "genre2",
          ]
    }
    images={
        Object {
            "url": "yolo",
          }
    }
    name="yolo"
/>,
  Symbol(enzyme.__renderer__): Object {
    "batchedUpdates": [Function],
    "getNode": [Function],
    "render": [Function],
    "simulateEvent": [Function],
    "unmount": [Function],
  },
  Symbol(enzyme.__node__): Object {
    "instance": null,
    "key": undefined,
    "nodeType": "class",
    "props": Object {
      "children": Array [
        <styled.div
          url="yolo"
/>,
        <styled.div>
          <styled.h5>
                    yolo
          </styled.h5>
          <ArtistListItemGenres
                    genres={
                              Array [
                                        "genre1",
                                        "genre2",
                                      ]
                    }
          />
          <ArtistListItemActions
                    externalUrl="urls"
          />
</styled.div>,
      ],
    },
    "ref": null,
    "rendered": Array [
      Object {
        "instance": null,
        "key": undefined,
        "nodeType": "class",
        "props": Object {
          "url": "yolo",
        },
        "ref": null,
        "rendered": null,
        "type": [Function],
      },
      Object {
        "instance": null,
        "key": undefined,
        "nodeType": "class",
        "props": Object {
          "children": Array [
            <styled.h5>
              yolo
</styled.h5>,
            <ArtistListItemGenres
              genres={
                            Array [
                                          "genre1",
                                          "genre2",
                                        ]
              }
/>,
            <ArtistListItemActions
              externalUrl="urls"
/>,
          ],
        },
        "ref": null,
        "rendered": Array [
          Object {
            "instance": null,
            "key": undefined,
            "nodeType": "class",
            "props": Object {
              "children": "yolo",
            },
            "ref": null,
            "rendered": "yolo",
            "type": [Function],
          },
          Object {
            "instance": null,
            "key": undefined,
            "nodeType": "function",
            "props": Object {
              "genres": Array [
                "genre1",
                "genre2",
              ],
            },
            "ref": null,
            "rendered": null,
            "type": [Function],
          },
          Object {
            "instance": null,
            "key": undefined,
            "nodeType": "function",
            "props": Object {
              "externalUrl": "urls",
            },
            "ref": null,
            "rendered": null,
            "type": [Function],
          },
        ],
        "type": [Function],
      },
    ],
    "type": [Function],
  },
  Symbol(enzyme.__nodes__): Array [
    Object {
      "instance": null,
      "key": undefined,
      "nodeType": "class",
      "props": Object {
        "children": Array [
          <styled.div
            url="yolo"
/>,
          <styled.div>
            <styled.h5>
                        yolo
            </styled.h5>
            <ArtistListItemGenres
                        genres={
                                    Array [
                                                "genre1",
                                                "genre2",
                                              ]
                        }
            />
            <ArtistListItemActions
                        externalUrl="urls"
            />
</styled.div>,
        ],
      },
      "ref": null,
      "rendered": Array [
        Object {
          "instance": null,
          "key": undefined,
          "nodeType": "class",
          "props": Object {
            "url": "yolo",
          },
          "ref": null,
          "rendered": null,
          "type": [Function],
        },
        Object {
          "instance": null,
          "key": undefined,
          "nodeType": "class",
          "props": Object {
            "children": Array [
              <styled.h5>
                yolo
</styled.h5>,
              <ArtistListItemGenres
                genres={
                                Array [
                                                "genre1",
                                                "genre2",
                                              ]
                }
/>,
              <ArtistListItemActions
                externalUrl="urls"
/>,
            ],
          },
          "ref": null,
          "rendered": Array [
            Object {
              "instance": null,
              "key": undefined,
              "nodeType": "class",
              "props": Object {
                "children": "yolo",
              },
              "ref": null,
              "rendered": "yolo",
              "type": [Function],
            },
            Object {
              "instance": null,
              "key": undefined,
              "nodeType": "function",
              "props": Object {
                "genres": Array [
                  "genre1",
                  "genre2",
                ],
              },
              "ref": null,
              "rendered": null,
              "type": [Function],
            },
            Object {
              "instance": null,
              "key": undefined,
              "nodeType": "function",
              "props": Object {
                "externalUrl": "urls",
              },
              "ref": null,
              "rendered": null,
              "type": [Function],
            },
          ],
          "type": [Function],
        },
      ],
      "type": [Function],
    },
  ],
  Symbol(enzyme.__options__): Object {
    "adapter": ReactSixteenAdapter {
      "options": Object {
        "enableComponentDidUpdateOnSetState": true,
      },
    },
  },
}
`;
