// Jest Snapshot v1, https://goo.gl/fbAQLP

exports[`ArtistListItem component ArtistListItem renders correctly 1`] = `
ShallowWrapper {
  "length": 1,
  Symbol(enzyme.__root__): [Circular],
  Symbol(enzyme.__unrendered__): <ArtistListItem
    external_urls="urls"
    genres={
        Array [
            "genre1",
            "genre2",
          ]
    }
    images={
        Object {
            "url": "yolo",
          }
    }
    name="yolo"
/>,
  Symbol(enzyme.__renderer__): Object {
    "batchedUpdates": [Function],
    "getNode": [Function],
    "render": [Function],
    "simulateEvent": [Function],
    "unmount": [Function],
  },
  Symbol(enzyme.__node__): Object {
    "instance": null,
    "key": undefined,
    "nodeType": "class",
    "props": Object {
      "children": Array [
        <styled.div
          url="yolo"
/>,
        <styled.div>
          <styled.h5>
                    yolo
          </styled.h5>
          <styled.div>
                    <styled.span>
                              genre1
                               
                              <styled.img
                                        alt="genre divider"
                                        src="round-lens-24px.svg"
                              />
                    </styled.span>
                    <styled.span>
                              genre2
                               
                              <styled.img
                                        alt="genre divider"
                                        src="round-lens-24px.svg"
                              />
                    </styled.span>
          </styled.div>
          <styled.div>
                    <styled.a
                              href="urls"
                              target="_blank"
                    >
                              Spotify
                    </styled.a>
                    <Styled(Link)
                              to="/"
                    >
                              Open
                    </Styled(Link)>
          </styled.div>
</styled.div>,
      ],
    },
    "ref": null,
    "rendered": Array [
      Object {
        "instance": null,
        "key": undefined,
        "nodeType": "class",
        "props": Object {
          "url": "yolo",
        },
        "ref": null,
        "rendered": null,
        "type": [Function],
      },
      Object {
        "instance": null,
        "key": undefined,
        "nodeType": "class",
        "props": Object {
          "children": Array [
            <styled.h5>
              yolo
</styled.h5>,
            <styled.div>
              <styled.span>
                            genre1
                             
                            <styled.img
                                          alt="genre divider"
                                          src="round-lens-24px.svg"
                            />
              </styled.span>
              <styled.span>
                            genre2
                             
                            <styled.img
                                          alt="genre divider"
                                          src="round-lens-24px.svg"
                            />
              </styled.span>
</styled.div>,
            <styled.div>
              <styled.a
                            href="urls"
                            target="_blank"
              >
                            Spotify
              </styled.a>
              <Styled(Link)
                            to="/"
              >
                            Open
              </Styled(Link)>
</styled.div>,
          ],
        },
        "ref": null,
        "rendered": Array [
          Object {
            "instance": null,
            "key": undefined,
            "nodeType": "class",
            "props": Object {
              "children": "yolo",
            },
            "ref": null,
            "rendered": "yolo",
            "type": [Function],
          },
          Object {
            "instance": null,
            "key": undefined,
            "nodeType": "class",
            "props": Object {
              "children": Array [
                <styled.span>
                  genre1
                   
                  <styled.img
                                    alt="genre divider"
                                    src="round-lens-24px.svg"
                  />
</styled.span>,
                <styled.span>
                  genre2
                   
                  <styled.img
                                    alt="genre divider"
                                    src="round-lens-24px.svg"
                  />
</styled.span>,
              ],
            },
            "ref": null,
            "rendered": Array [
              Object {
                "instance": null,
                "key": "genre1",
                "nodeType": "class",
                "props": Object {
                  "children": Array [
                    "genre1",
                    " ",
                    <styled.img
                      alt="genre divider"
                      src="round-lens-24px.svg"
/>,
                  ],
                },
                "ref": null,
                "rendered": Array [
                  "genre1",
                  " ",
                  Object {
                    "instance": null,
                    "key": undefined,
                    "nodeType": "class",
                    "props": Object {
                      "alt": "genre divider",
                      "src": "round-lens-24px.svg",
                    },
                    "ref": null,
                    "rendered": null,
                    "type": [Function],
                  },
                ],
                "type": [Function],
              },
              Object {
                "instance": null,
                "key": "genre2",
                "nodeType": "class",
                "props": Object {
                  "children": Array [
                    "genre2",
                    " ",
                    <styled.img
                      alt="genre divider"
                      src="round-lens-24px.svg"
/>,
                  ],
                },
                "ref": null,
                "rendered": Array [
                  "genre2",
                  " ",
                  Object {
                    "instance": null,
                    "key": undefined,
                    "nodeType": "class",
                    "props": Object {
                      "alt": "genre divider",
                      "src": "round-lens-24px.svg",
                    },
                    "ref": null,
                    "rendered": null,
                    "type": [Function],
                  },
                ],
                "type": [Function],
              },
            ],
            "type": [Function],
          },
          Object {
            "instance": null,
            "key": undefined,
            "nodeType": "class",
            "props": Object {
              "children": Array [
                <styled.a
                  href="urls"
                  target="_blank"
>
                  Spotify
</styled.a>,
                <Styled(Link)
                  to="/"
>
                  Open
</Styled(Link)>,
              ],
            },
            "ref": null,
            "rendered": Array [
              Object {
                "instance": null,
                "key": undefined,
                "nodeType": "class",
                "props": Object {
                  "children": "Spotify",
                  "href": "urls",
                  "target": "_blank",
                },
                "ref": null,
                "rendered": "Spotify",
                "type": [Function],
              },
              Object {
                "instance": null,
                "key": undefined,
                "nodeType": "class",
                "props": Object {
                  "children": "Open",
                  "to": "/",
                },
                "ref": null,
                "rendered": "Open",
                "type": [Function],
              },
            ],
            "type": [Function],
          },
        ],
        "type": [Function],
      },
    ],
    "type": [Function],
  },
  Symbol(enzyme.__nodes__): Array [
    Object {
      "instance": null,
      "key": undefined,
      "nodeType": "class",
      "props": Object {
        "children": Array [
          <styled.div
            url="yolo"
/>,
          <styled.div>
            <styled.h5>
                        yolo
            </styled.h5>
            <styled.div>
                        <styled.span>
                                    genre1
                                     
                                    <styled.img
                                                alt="genre divider"
                                                src="round-lens-24px.svg"
                                    />
                        </styled.span>
                        <styled.span>
                                    genre2
                                     
                                    <styled.img
                                                alt="genre divider"
                                                src="round-lens-24px.svg"
                                    />
                        </styled.span>
            </styled.div>
            <styled.div>
                        <styled.a
                                    href="urls"
                                    target="_blank"
                        >
                                    Spotify
                        </styled.a>
                        <Styled(Link)
                                    to="/"
                        >
                                    Open
                        </Styled(Link)>
            </styled.div>
</styled.div>,
        ],
      },
      "ref": null,
      "rendered": Array [
        Object {
          "instance": null,
          "key": undefined,
          "nodeType": "class",
          "props": Object {
            "url": "yolo",
          },
          "ref": null,
          "rendered": null,
          "type": [Function],
        },
        Object {
          "instance": null,
          "key": undefined,
          "nodeType": "class",
          "props": Object {
            "children": Array [
              <styled.h5>
                yolo
</styled.h5>,
              <styled.div>
                <styled.span>
                                genre1
                                 
                                <styled.img
                                                alt="genre divider"
                                                src="round-lens-24px.svg"
                                />
                </styled.span>
                <styled.span>
                                genre2
                                 
                                <styled.img
                                                alt="genre divider"
                                                src="round-lens-24px.svg"
                                />
                </styled.span>
</styled.div>,
              <styled.div>
                <styled.a
                                href="urls"
                                target="_blank"
                >
                                Spotify
                </styled.a>
                <Styled(Link)
                                to="/"
                >
                                Open
                </Styled(Link)>
</styled.div>,
            ],
          },
          "ref": null,
          "rendered": Array [
            Object {
              "instance": null,
              "key": undefined,
              "nodeType": "class",
              "props": Object {
                "children": "yolo",
              },
              "ref": null,
              "rendered": "yolo",
              "type": [Function],
            },
            Object {
              "instance": null,
              "key": undefined,
              "nodeType": "class",
              "props": Object {
                "children": Array [
                  <styled.span>
                    genre1
                     
                    <styled.img
                                        alt="genre divider"
                                        src="round-lens-24px.svg"
                    />
</styled.span>,
                  <styled.span>
                    genre2
                     
                    <styled.img
                                        alt="genre divider"
                                        src="round-lens-24px.svg"
                    />
</styled.span>,
                ],
              },
              "ref": null,
              "rendered": Array [
                Object {
                  "instance": null,
                  "key": "genre1",
                  "nodeType": "class",
                  "props": Object {
                    "children": Array [
                      "genre1",
                      " ",
                      <styled.img
                        alt="genre divider"
                        src="round-lens-24px.svg"
/>,
                    ],
                  },
                  "ref": null,
                  "rendered": Array [
                    "genre1",
                    " ",
                    Object {
                      "instance": null,
                      "key": undefined,
                      "nodeType": "class",
                      "props": Object {
                        "alt": "genre divider",
                        "src": "round-lens-24px.svg",
                      },
                      "ref": null,
                      "rendered": null,
                      "type": [Function],
                    },
                  ],
                  "type": [Function],
                },
                Object {
                  "instance": null,
                  "key": "genre2",
                  "nodeType": "class",
                  "props": Object {
                    "children": Array [
                      "genre2",
                      " ",
                      <styled.img
                        alt="genre divider"
                        src="round-lens-24px.svg"
/>,
                    ],
                  },
                  "ref": null,
                  "rendered": Array [
                    "genre2",
                    " ",
                    Object {
                      "instance": null,
                      "key": undefined,
                      "nodeType": "class",
                      "props": Object {
                        "alt": "genre divider",
                        "src": "round-lens-24px.svg",
                      },
                      "ref": null,
                      "rendered": null,
                      "type": [Function],
                    },
                  ],
                  "type": [Function],
                },
              ],
              "type": [Function],
            },
            Object {
              "instance": null,
              "key": undefined,
              "nodeType": "class",
              "props": Object {
                "children": Array [
                  <styled.a
                    href="urls"
                    target="_blank"
>
                    Spotify
</styled.a>,
                  <Styled(Link)
                    to="/"
>
                    Open
</Styled(Link)>,
                ],
              },
              "ref": null,
              "rendered": Array [
                Object {
                  "instance": null,
                  "key": undefined,
                  "nodeType": "class",
                  "props": Object {
                    "children": "Spotify",
                    "href": "urls",
                    "target": "_blank",
                  },
                  "ref": null,
                  "rendered": "Spotify",
                  "type": [Function],
                },
                Object {
                  "instance": null,
                  "key": undefined,
                  "nodeType": "class",
                  "props": Object {
                    "children": "Open",
                    "to": "/",
                  },
                  "ref": null,
                  "rendered": "Open",
                  "type": [Function],
                },
              ],
              "type": [Function],
            },
          ],
          "type": [Function],
        },
      ],
      "type": [Function],
    },
  ],
  Symbol(enzyme.__options__): Object {
    "adapter": ReactSixteenAdapter {
      "options": Object {
        "enableComponentDidUpdateOnSetState": true,
      },
    },
  },
}
`;
