// Jest Snapshot v1, https://goo.gl/fbAQLP

exports[`Login component Login renders correctly 1`] = `
<div
  className="sc-bdVaJa tHcNi"
>
  <article
    className="sc-bwzfXH irXouN"
  >
    <h1
      className="sc-htpNat iwPzKF"
    >
      LarsMusic
    </h1>
    <p
      className="sc-bxivhb fgjHCA"
    >
      Track your album and vinyl collection and use Spotify data to help it
    </p>
    <p
      className="sc-bxivhb fgjHCA"
    >
      Please login to Spotify and start use the application
    </p>
    <a
      className="sc-ifAKCX bwrGw"
      href="http://localhost:8888/login"
    >
      Log in 
      <img
        alt="logo of Spotify"
        className="sc-EHOje iupfgb"
        src="Spotify_White.png"
      />
    </a>
  </article>
</div>
`;
